C51 COMPILER V9.60.0.0   MAIN                                                              12/14/2022 22:25:42 PAGE 1   


C51 COMPILER V9.60.0.0, COMPILATION OF MODULE MAIN
OBJECT MODULE PLACED IN .\Objects\main.obj
COMPILER INVOKED BY: C:\Keil_v5\C51\BIN\C51.EXE main.c OPTIMIZE(8,SPEED) BROWSE DEBUG OBJECTEXTEND PRINT(.\Listings\main
                    -.lst) TABS(2) OBJECT(.\Objects\main.obj)

line level    source

   1          #include "headfile.h"
   2          
   3          void InterruptKey() interrupt 0
   4          {
   5   1        EA = 0;
   6   1        if (mode < FUNC_MAX)
   7   1          mode++;
   8   1        else
   9   1          mode = RUNNING;
  10   1        EA = 1;
  11   1      }
  12          
  13          void InterruptTimer0() interrupt 1
  14          {
  15   1        EA = 0;
  16   1        UpdateTimer0();
  17   1        EA = 1;
  18   1      }
  19          
  20          void InterruptEmergency() interrupt 2
  21          {
  22   1        EA = 0;
  23   1        if (mode == EMERGENCY)
  24   1          mode = RUNNING;
  25   1        else
  26   1          mode = EMERGENCY;
  27   1        EA = 1;
  28   1      }
  29          
  30          // 主程序
  31          void main()
  32          {
  33   1        Timer0Init();
  34   1        LoadDefaultTime();
  35   1        TrafficLightInit();
  36   1        EA = 1;
  37   1        ET0 = 1;
  38   1        EX0 = 1; // 外部中断
  39   1        IT0 = 1; // 下降沿触发
  40   1        EX1 = 1; // 外部中断
  41   1        IT1 = 1; // 下降沿触发
  42   1        Init7219();
  43   1      
  44   1        DelayMS(500);
  45   1        while (1)
  46   1        {
  47   2          if (mode == RUNNING)
  48   2          {
  49   3            TrafficLightMain();
  50   3          }
  51   2          if (mode == SETTING)
  52   2          {
  53   3            SettingMain();
  54   3          }
C51 COMPILER V9.60.0.0   MAIN                                                              12/14/2022 22:25:42 PAGE 2   

  55   2          if (mode == DEBUGGING)
  56   2          {
  57   3            mode = RUNNING;
  58   3          }
  59   2          if (mode == EMERGENCY)
  60   2          {
  61   3            EmergencyMain();
  62   3          }
  63   2        }
  64   1      }


MODULE INFORMATION:   STATIC OVERLAYABLE
   CODE SIZE        =    184    ----
   CONSTANT SIZE    =   ----    ----
   XDATA SIZE       =   ----    ----
   PDATA SIZE       =   ----    ----
   DATA SIZE        =   ----    ----
   IDATA SIZE       =   ----    ----
   BIT SIZE         =   ----    ----
END OF MODULE INFORMATION.


C51 COMPILATION COMPLETE.  0 WARNING(S),  0 ERROR(S)
