C51 COMPILER V9.60.0.0   MAIN                                                              12/14/2022 09:33:17 PAGE 1   


C51 COMPILER V9.60.0.0, COMPILATION OF MODULE MAIN
OBJECT MODULE PLACED IN .\Objects\main.obj
COMPILER INVOKED BY: C:\Keil_v5\C51\BIN\C51.EXE main.c OPTIMIZE(8,SPEED) BROWSE DEBUG OBJECTEXTEND PRINT(.\Listings\main
                    -.lst) TABS(2) OBJECT(.\Objects\main.obj)

line level    source

   1          #include "headfile.h"
   2          
   3          void InterruptKey() interrupt 0
   4          {
   5   1        if (mode < FUNC_MAX)
   6   1        {
   7   2          mode++;
   8   2        }
   9   1        else
  10   1        {
  11   2          mode = RUNNING;
  12   2        }
  13   1      }
  14          
  15          void InterruptTimer0() interrupt 1
  16          {
  17   1        UpdateTimer0();
  18   1      }
  19          
  20          // 主程序
  21          void main()
  22          {
  23   1        Timer0Init();
  24   1        TrafficLightInit();
  25   1        EA = 1;
  26   1        ET0 = 1;
  27   1        EX0 = 1; // 外部中断
  28   1        Init7219();
  29   1      
  30   1        // DisplayDigit(1, EAST);
  31   1        // DisplayDigit(10, SOUTH);
  32   1        // DisplayDigit(50, WEST);
  33   1        // DisplayDigit(99, NORTH);
  34   1      
  35   1        // SetLedColor(SOUTH, GREEN);
  36   1        // SetLedColor(NORTH, RED);
  37   1        // SetLedColor(WEST, RED);
  38   1        // SetLedColor(EAST, YELLOW);
  39   1      
  40   1        DelayMS(500);
  41   1        while (1)
  42   1        {
  43   2          if (mode == RUNNING)
  44   2          {
  45   3            TrafficLight();
  46   3          }
  47   2          if (mode == SETTING)
  48   2          {
  49   3            Setting();
  50   3          }
  51   2          if (mode == DEBUGGING)
  52   2          {
  53   3            TrafficLight();
  54   3          }
C51 COMPILER V9.60.0.0   MAIN                                                              12/14/2022 09:33:17 PAGE 2   

  55   2        }
  56   1      }


MODULE INFORMATION:   STATIC OVERLAYABLE
   CODE SIZE        =    135    ----
   CONSTANT SIZE    =   ----    ----
   XDATA SIZE       =   ----    ----
   PDATA SIZE       =   ----    ----
   DATA SIZE        =   ----    ----
   IDATA SIZE       =   ----    ----
   BIT SIZE         =   ----    ----
END OF MODULE INFORMATION.


C51 COMPILATION COMPLETE.  0 WARNING(S),  0 ERROR(S)
